// Jest Snapshot v1, https://goo.gl/fbAQLP

exports[`sum adds 1 + 2 to equal 3 1`] = `3`;
